2026-01-01T18:06:53.672+05:30  INFO 6756 --- [hotel-reception-backend] [restartedMain] c.h.r.HotelReceptionBackendApplication   : Starting HotelReceptionBackendApplication using Java 24.0.1 with PID 6756 (C:\Users\DELL\Desktop\HMS_project\Company Projects\Backend\reception-backend\target\classes started by DELL in C:\Users\DELL\Desktop\HMS_project\Company Projects\Backend\reception-backend)
2026-01-01T18:06:53.702+05:30 DEBUG 6756 --- [hotel-reception-backend] [restartedMain] c.h.r.HotelReceptionBackendApplication   : Running with Spring Boot v3.2.0, Spring v6.1.1
2026-01-01T18:06:53.705+05:30  INFO 6756 --- [hotel-reception-backend] [restartedMain] c.h.r.HotelReceptionBackendApplication   : No active profile set, falling back to 1 default profile: "default"
2026-01-01T18:06:53.890+05:30  INFO 6756 --- [hotel-reception-backend] [restartedMain] .e.DevToolsPropertyDefaultsPostProcessor : Devtools property defaults active! Set 'spring.devtools.add-properties' to 'false' to disable
2026-01-01T18:06:53.897+05:30  INFO 6756 --- [hotel-reception-backend] [restartedMain] .e.DevToolsPropertyDefaultsPostProcessor : For additional web related logging consider setting the 'logging.level.web' property to 'DEBUG'
2026-01-01T18:06:57.335+05:30  INFO 6756 --- [hotel-reception-backend] [restartedMain] .s.d.r.c.RepositoryConfigurationDelegate : Multiple Spring Data modules found, entering strict repository configuration mode
2026-01-01T18:06:57.339+05:30  INFO 6756 --- [hotel-reception-backend] [restartedMain] .s.d.r.c.RepositoryConfigurationDelegate : Bootstrapping Spring Data JPA repositories in DEFAULT mode.
2026-01-01T18:06:57.704+05:30  INFO 6756 --- [hotel-reception-backend] [restartedMain] .s.d.r.c.RepositoryConfigurationDelegate : Finished Spring Data repository scanning in 341 ms. Found 3 JPA repository interfaces.
2026-01-01T18:06:57.763+05:30  INFO 6756 --- [hotel-reception-backend] [restartedMain] .s.d.r.c.RepositoryConfigurationDelegate : Multiple Spring Data modules found, entering strict repository configuration mode
2026-01-01T18:06:57.792+05:30  INFO 6756 --- [hotel-reception-backend] [restartedMain] .s.d.r.c.RepositoryConfigurationDelegate : Bootstrapping Spring Data Redis repositories in DEFAULT mode.
2026-01-01T18:06:57.845+05:30  INFO 6756 --- [hotel-reception-backend] [restartedMain] .RepositoryConfigurationExtensionSupport : Spring Data Redis - Could not safely identify store assignment for repository candidate interface com.hotel.reception.repository.BookingRepository; If you want this repository to be a Redis repository, consider annotating your entities with one of these annotations: org.springframework.data.redis.core.RedisHash (preferred), or consider extending one of the following types with your repository: org.springframework.data.keyvalue.repository.KeyValueRepository
2026-01-01T18:06:57.853+05:30  INFO 6756 --- [hotel-reception-backend] [restartedMain] .RepositoryConfigurationExtensionSupport : Spring Data Redis - Could not safely identify store assignment for repository candidate interface com.hotel.reception.repository.GuestRepository; If you want this repository to be a Redis repository, consider annotating your entities with one of these annotations: org.springframework.data.redis.core.RedisHash (preferred), or consider extending one of the following types with your repository: org.springframework.data.keyvalue.repository.KeyValueRepository
2026-01-01T18:06:57.858+05:30  INFO 6756 --- [hotel-reception-backend] [restartedMain] .RepositoryConfigurationExtensionSupport : Spring Data Redis - Could not safely identify store assignment for repository candidate interface com.hotel.reception.repository.RoomRepository; If you want this repository to be a Redis repository, consider annotating your entities with one of these annotations: org.springframework.data.redis.core.RedisHash (preferred), or consider extending one of the following types with your repository: org.springframework.data.keyvalue.repository.KeyValueRepository
2026-01-01T18:06:57.859+05:30  INFO 6756 --- [hotel-reception-backend] [restartedMain] .s.d.r.c.RepositoryConfigurationDelegate : Finished Spring Data repository scanning in 35 ms. Found 0 Redis repository interfaces.
2026-01-01T18:06:59.407+05:30  INFO 6756 --- [hotel-reception-backend] [restartedMain] o.s.b.w.embedded.tomcat.TomcatWebServer  : Tomcat initialized with port 8080 (http)
2026-01-01T18:06:59.431+05:30  INFO 6756 --- [hotel-reception-backend] [restartedMain] o.apache.catalina.core.StandardService   : Starting service [Tomcat]
2026-01-01T18:06:59.437+05:30  INFO 6756 --- [hotel-reception-backend] [restartedMain] o.apache.catalina.core.StandardEngine    : Starting Servlet engine: [Apache Tomcat/10.1.16]
2026-01-01T18:06:59.571+05:30  INFO 6756 --- [hotel-reception-backend] [restartedMain] o.a.c.c.C.[Tomcat].[localhost].[/api]    : Initializing Spring embedded WebApplicationContext
2026-01-01T18:06:59.573+05:30  INFO 6756 --- [hotel-reception-backend] [restartedMain] w.s.c.ServletWebServerApplicationContext : Root WebApplicationContext: initialization completed in 5673 ms
2026-01-01T18:07:00.058+05:30  INFO 6756 --- [hotel-reception-backend] [restartedMain] o.hibernate.jpa.internal.util.LogHelper  : HHH000204: Processing PersistenceUnitInfo [name: default]
2026-01-01T18:07:00.180+05:30  INFO 6756 --- [hotel-reception-backend] [restartedMain] org.hibernate.Version                    : HHH000412: Hibernate ORM core version 6.3.1.Final
2026-01-01T18:07:00.261+05:30  INFO 6756 --- [hotel-reception-backend] [restartedMain] o.h.c.internal.RegionFactoryInitiator    : HHH000026: Second-level cache disabled
2026-01-01T18:07:00.835+05:30  INFO 6756 --- [hotel-reception-backend] [restartedMain] o.s.o.j.p.SpringPersistenceUnitInfo      : No LoadTimeWeaver setup: ignoring JPA class transformer
2026-01-01T18:07:00.912+05:30  INFO 6756 --- [hotel-reception-backend] [restartedMain] com.zaxxer.hikari.HikariDataSource       : HikariPool-1 - Starting...
2026-01-01T18:07:01.356+05:30  INFO 6756 --- [hotel-reception-backend] [restartedMain] com.zaxxer.hikari.pool.HikariPool        : HikariPool-1 - Added connection org.postgresql.jdbc.PgConnection@46c7c613
2026-01-01T18:07:01.361+05:30  INFO 6756 --- [hotel-reception-backend] [restartedMain] com.zaxxer.hikari.HikariDataSource       : HikariPool-1 - Start completed.
2026-01-01T18:07:05.359+05:30  INFO 6756 --- [hotel-reception-backend] [restartedMain] o.h.e.t.j.p.i.JtaPlatformInitiator       : HHH000489: No JTA platform available (set 'hibernate.transaction.jta.platform' to enable JTA platform integration)
2026-01-01T18:07:06.224+05:30  INFO 6756 --- [hotel-reception-backend] [restartedMain] j.LocalContainerEntityManagerFactoryBean : Initialized JPA EntityManagerFactory for persistence unit 'default'
2026-01-01T18:07:07.914+05:30  INFO 6756 --- [hotel-reception-backend] [restartedMain] o.s.d.j.r.query.QueryEnhancerFactory     : Hibernate is in classpath; If applicable, HQL parser will be used.
2026-01-01T18:07:10.665+05:30  WARN 6756 --- [hotel-reception-backend] [restartedMain] JpaBaseConfiguration$JpaWebConfiguration : spring.jpa.open-in-view is enabled by default. Therefore, database queries may be performed during view rendering. Explicitly configure spring.jpa.open-in-view to disable this warning
2026-01-01T18:07:14.294+05:30  INFO 6756 --- [hotel-reception-backend] [restartedMain] o.s.b.d.a.OptionalLiveReloadServer       : LiveReload server is running on port 35729
2026-01-01T18:07:14.586+05:30  INFO 6756 --- [hotel-reception-backend] [restartedMain] o.s.b.w.embedded.tomcat.TomcatWebServer  : Tomcat started on port 8080 (http) with context path '/api'
2026-01-01T18:07:14.620+05:30  INFO 6756 --- [hotel-reception-backend] [restartedMain] c.h.r.HotelReceptionBackendApplication   : Started HotelReceptionBackendApplication in 22.332 seconds (process running for 23.631)
2026-01-01T18:07:45.974+05:30  INFO 2140 --- [hotel-reception-backend] [restartedMain] c.h.r.HotelReceptionBackendApplication   : Starting HotelReceptionBackendApplication using Java 24.0.1 with PID 2140 (C:\Users\DELL\Desktop\HMS_project\Company Projects\Backend\reception-backend\target\classes started by DELL in C:\Users\DELL\Desktop\HMS_project\Company Projects\Backend\reception-backend)
2026-01-01T18:07:45.978+05:30 DEBUG 2140 --- [hotel-reception-backend] [restartedMain] c.h.r.HotelReceptionBackendApplication   : Running with Spring Boot v3.2.0, Spring v6.1.1
2026-01-01T18:07:45.981+05:30  INFO 2140 --- [hotel-reception-backend] [restartedMain] c.h.r.HotelReceptionBackendApplication   : No active profile set, falling back to 1 default profile: "default"
2026-01-01T18:07:46.140+05:30  INFO 2140 --- [hotel-reception-backend] [restartedMain] .e.DevToolsPropertyDefaultsPostProcessor : Devtools property defaults active! Set 'spring.devtools.add-properties' to 'false' to disable
2026-01-01T18:07:46.142+05:30  INFO 2140 --- [hotel-reception-backend] [restartedMain] .e.DevToolsPropertyDefaultsPostProcessor : For additional web related logging consider setting the 'logging.level.web' property to 'DEBUG'
2026-01-01T18:07:48.231+05:30  INFO 2140 --- [hotel-reception-backend] [restartedMain] .s.d.r.c.RepositoryConfigurationDelegate : Multiple Spring Data modules found, entering strict repository configuration mode
2026-01-01T18:07:48.235+05:30  INFO 2140 --- [hotel-reception-backend] [restartedMain] .s.d.r.c.RepositoryConfigurationDelegate : Bootstrapping Spring Data JPA repositories in DEFAULT mode.
2026-01-01T18:07:48.536+05:30  INFO 2140 --- [hotel-reception-backend] [restartedMain] .s.d.r.c.RepositoryConfigurationDelegate : Finished Spring Data repository scanning in 276 ms. Found 3 JPA repository interfaces.
2026-01-01T18:07:48.585+05:30  INFO 2140 --- [hotel-reception-backend] [restartedMain] .s.d.r.c.RepositoryConfigurationDelegate : Multiple Spring Data modules found, entering strict repository configuration mode
2026-01-01T18:07:48.590+05:30  INFO 2140 --- [hotel-reception-backend] [restartedMain] .s.d.r.c.RepositoryConfigurationDelegate : Bootstrapping Spring Data Redis repositories in DEFAULT mode.
2026-01-01T18:07:48.626+05:30  INFO 2140 --- [hotel-reception-backend] [restartedMain] .RepositoryConfigurationExtensionSupport : Spring Data Redis - Could not safely identify store assignment for repository candidate interface com.hotel.reception.repository.BookingRepository; If you want this repository to be a Redis repository, consider annotating your entities with one of these annotations: org.springframework.data.redis.core.RedisHash (preferred), or consider extending one of the following types with your repository: org.springframework.data.keyvalue.repository.KeyValueRepository
2026-01-01T18:07:48.627+05:30  INFO 2140 --- [hotel-reception-backend] [restartedMain] .RepositoryConfigurationExtensionSupport : Spring Data Redis - Could not safely identify store assignment for repository candidate interface com.hotel.reception.repository.GuestRepository; If you want this repository to be a Redis repository, consider annotating your entities with one of these annotations: org.springframework.data.redis.core.RedisHash (preferred), or consider extending one of the following types with your repository: org.springframework.data.keyvalue.repository.KeyValueRepository
2026-01-01T18:07:48.632+05:30  INFO 2140 --- [hotel-reception-backend] [restartedMain] .RepositoryConfigurationExtensionSupport : Spring Data Redis - Could not safely identify store assignment for repository candidate interface com.hotel.reception.repository.RoomRepository; If you want this repository to be a Redis repository, consider annotating your entities with one of these annotations: org.springframework.data.redis.core.RedisHash (preferred), or consider extending one of the following types with your repository: org.springframework.data.keyvalue.repository.KeyValueRepository
2026-01-01T18:07:48.635+05:30  INFO 2140 --- [hotel-reception-backend] [restartedMain] .s.d.r.c.RepositoryConfigurationDelegate : Finished Spring Data repository scanning in 22 ms. Found 0 Redis repository interfaces.
2026-01-01T18:07:50.094+05:30  INFO 2140 --- [hotel-reception-backend] [restartedMain] o.s.b.w.embedded.tomcat.TomcatWebServer  : Tomcat initialized with port 8080 (http)
2026-01-01T18:07:50.122+05:30  INFO 2140 --- [hotel-reception-backend] [restartedMain] o.apache.catalina.core.StandardService   : Starting service [Tomcat]
2026-01-01T18:07:50.126+05:30  INFO 2140 --- [hotel-reception-backend] [restartedMain] o.apache.catalina.core.StandardEngine    : Starting Servlet engine: [Apache Tomcat/10.1.16]
2026-01-01T18:07:50.323+05:30  INFO 2140 --- [hotel-reception-backend] [restartedMain] o.a.c.c.C.[Tomcat].[localhost].[/api]    : Initializing Spring embedded WebApplicationContext
2026-01-01T18:07:50.324+05:30  INFO 2140 --- [hotel-reception-backend] [restartedMain] w.s.c.ServletWebServerApplicationContext : Root WebApplicationContext: initialization completed in 4180 ms
2026-01-01T18:07:50.917+05:30  INFO 2140 --- [hotel-reception-backend] [restartedMain] o.hibernate.jpa.internal.util.LogHelper  : HHH000204: Processing PersistenceUnitInfo [name: default]
2026-01-01T18:07:51.051+05:30  INFO 2140 --- [hotel-reception-backend] [restartedMain] org.hibernate.Version                    : HHH000412: Hibernate ORM core version 6.3.1.Final
2026-01-01T18:07:51.127+05:30  INFO 2140 --- [hotel-reception-backend] [restartedMain] o.h.c.internal.RegionFactoryInitiator    : HHH000026: Second-level cache disabled
2026-01-01T18:07:51.652+05:30  INFO 2140 --- [hotel-reception-backend] [restartedMain] o.s.o.j.p.SpringPersistenceUnitInfo      : No LoadTimeWeaver setup: ignoring JPA class transformer
2026-01-01T18:07:51.716+05:30  INFO 2140 --- [hotel-reception-backend] [restartedMain] com.zaxxer.hikari.HikariDataSource       : HikariPool-1 - Starting...
2026-01-01T18:07:52.101+05:30  INFO 2140 --- [hotel-reception-backend] [restartedMain] com.zaxxer.hikari.pool.HikariPool        : HikariPool-1 - Added connection org.postgresql.jdbc.PgConnection@6f066a52
2026-01-01T18:07:52.107+05:30  INFO 2140 --- [hotel-reception-backend] [restartedMain] com.zaxxer.hikari.HikariDataSource       : HikariPool-1 - Start completed.
2026-01-01T18:07:54.094+05:30  INFO 2140 --- [hotel-reception-backend] [restartedMain] o.h.e.t.j.p.i.JtaPlatformInitiator       : HHH000489: No JTA platform available (set 'hibernate.transaction.jta.platform' to enable JTA platform integration)
2026-01-01T18:07:54.224+05:30  INFO 2140 --- [hotel-reception-backend] [restartedMain] j.LocalContainerEntityManagerFactoryBean : Initialized JPA EntityManagerFactory for persistence unit 'default'
2026-01-01T18:07:54.917+05:30  INFO 2140 --- [hotel-reception-backend] [restartedMain] o.s.d.j.r.query.QueryEnhancerFactory     : Hibernate is in classpath; If applicable, HQL parser will be used.
2026-01-01T18:07:56.730+05:30  WARN 2140 --- [hotel-reception-backend] [restartedMain] JpaBaseConfiguration$JpaWebConfiguration : spring.jpa.open-in-view is enabled by default. Therefore, database queries may be performed during view rendering. Explicitly configure spring.jpa.open-in-view to disable this warning
2026-01-01T18:07:58.431+05:30  INFO 2140 --- [hotel-reception-backend] [restartedMain] o.s.b.d.a.OptionalLiveReloadServer       : LiveReload server is running on port 35729
2026-01-01T18:07:58.499+05:30  INFO 2140 --- [hotel-reception-backend] [restartedMain] o.s.b.w.embedded.tomcat.TomcatWebServer  : Tomcat started on port 8080 (http) with context path '/api'
2026-01-01T18:07:58.536+05:30  INFO 2140 --- [hotel-reception-backend] [restartedMain] c.h.r.HotelReceptionBackendApplication   : Started HotelReceptionBackendApplication in 13.396 seconds (process running for 14.467)
2026-01-01T18:19:41.485+05:30  INFO 2140 --- [hotel-reception-backend] [http-nio-8080-exec-1] o.apache.coyote.http11.Http11Processor   : Error parsing HTTP request header
 Note: further occurrences of HTTP request parsing errors will be logged at DEBUG level.

java.lang.IllegalArgumentException: Invalid character found in method name [PING0x0d0x0a...]. HTTP method names must be tokens
	at org.apache.coyote.http11.Http11InputBuffer.parseRequestLine(Http11InputBuffer.java:407) ~[tomcat-embed-core-10.1.16.jar:10.1.16]
	at org.apache.coyote.http11.Http11Processor.service(Http11Processor.java:264) ~[tomcat-embed-core-10.1.16.jar:10.1.16]
	at org.apache.coyote.AbstractProcessorLight.process(AbstractProcessorLight.java:63) ~[tomcat-embed-core-10.1.16.jar:10.1.16]
	at org.apache.coyote.AbstractProtocol$ConnectionHandler.process(AbstractProtocol.java:896) ~[tomcat-embed-core-10.1.16.jar:10.1.16]
	at org.apache.tomcat.util.net.NioEndpoint$SocketProcessor.doRun(NioEndpoint.java:1744) ~[tomcat-embed-core-10.1.16.jar:10.1.16]
	at org.apache.tomcat.util.net.SocketProcessorBase.run(SocketProcessorBase.java:52) ~[tomcat-embed-core-10.1.16.jar:10.1.16]
	at org.apache.tomcat.util.threads.ThreadPoolExecutor.runWorker(ThreadPoolExecutor.java:1191) ~[tomcat-embed-core-10.1.16.jar:10.1.16]
	at org.apache.tomcat.util.threads.ThreadPoolExecutor$Worker.run(ThreadPoolExecutor.java:659) ~[tomcat-embed-core-10.1.16.jar:10.1.16]
	at org.apache.tomcat.util.threads.TaskThread$WrappingRunnable.run(TaskThread.java:61) ~[tomcat-embed-core-10.1.16.jar:10.1.16]
	at java.base/java.lang.Thread.run(Thread.java:1447) ~[na:na]

2026-01-01T20:34:05.371+05:30  INFO 11064 --- [hotel-reception-backend] [restartedMain] c.h.r.HotelReceptionBackendApplication   : Starting HotelReceptionBackendApplication using Java 24.0.1 with PID 11064 (C:\Users\DELL\Desktop\HMS_project\Company Projects\Backend\reception-backend\target\classes started by DELL in C:\Users\DELL\Desktop\HMS_project\Company Projects\Backend\reception-backend)
2026-01-01T20:34:05.397+05:30 DEBUG 11064 --- [hotel-reception-backend] [restartedMain] c.h.r.HotelReceptionBackendApplication   : Running with Spring Boot v3.2.0, Spring v6.1.1
2026-01-01T20:34:05.403+05:30  INFO 11064 --- [hotel-reception-backend] [restartedMain] c.h.r.HotelReceptionBackendApplication   : No active profile set, falling back to 1 default profile: "default"
2026-01-01T20:34:05.586+05:30  INFO 11064 --- [hotel-reception-backend] [restartedMain] .e.DevToolsPropertyDefaultsPostProcessor : Devtools property defaults active! Set 'spring.devtools.add-properties' to 'false' to disable
2026-01-01T20:34:05.588+05:30  INFO 11064 --- [hotel-reception-backend] [restartedMain] .e.DevToolsPropertyDefaultsPostProcessor : For additional web related logging consider setting the 'logging.level.web' property to 'DEBUG'
2026-01-01T20:34:10.138+05:30  INFO 11064 --- [hotel-reception-backend] [restartedMain] .s.d.r.c.RepositoryConfigurationDelegate : Multiple Spring Data modules found, entering strict repository configuration mode
2026-01-01T20:34:10.143+05:30  INFO 11064 --- [hotel-reception-backend] [restartedMain] .s.d.r.c.RepositoryConfigurationDelegate : Bootstrapping Spring Data JPA repositories in DEFAULT mode.
2026-01-01T20:34:10.666+05:30  INFO 11064 --- [hotel-reception-backend] [restartedMain] .s.d.r.c.RepositoryConfigurationDelegate : Finished Spring Data repository scanning in 503 ms. Found 3 JPA repository interfaces.
2026-01-01T20:34:10.736+05:30  INFO 11064 --- [hotel-reception-backend] [restartedMain] .s.d.r.c.RepositoryConfigurationDelegate : Multiple Spring Data modules found, entering strict repository configuration mode
2026-01-01T20:34:10.741+05:30  INFO 11064 --- [hotel-reception-backend] [restartedMain] .s.d.r.c.RepositoryConfigurationDelegate : Bootstrapping Spring Data Redis repositories in DEFAULT mode.
2026-01-01T20:34:10.785+05:30  INFO 11064 --- [hotel-reception-backend] [restartedMain] .RepositoryConfigurationExtensionSupport : Spring Data Redis - Could not safely identify store assignment for repository candidate interface com.hotel.reception.repository.BookingRepository; If you want this repository to be a Redis repository, consider annotating your entities with one of these annotations: org.springframework.data.redis.core.RedisHash (preferred), or consider extending one of the following types with your repository: org.springframework.data.keyvalue.repository.KeyValueRepository
2026-01-01T20:34:10.787+05:30  INFO 11064 --- [hotel-reception-backend] [restartedMain] .RepositoryConfigurationExtensionSupport : Spring Data Redis - Could not safely identify store assignment for repository candidate interface com.hotel.reception.repository.GuestRepository; If you want this repository to be a Redis repository, consider annotating your entities with one of these annotations: org.springframework.data.redis.core.RedisHash (preferred), or consider extending one of the following types with your repository: org.springframework.data.keyvalue.repository.KeyValueRepository
2026-01-01T20:34:10.790+05:30  INFO 11064 --- [hotel-reception-backend] [restartedMain] .RepositoryConfigurationExtensionSupport : Spring Data Redis - Could not safely identify store assignment for repository candidate interface com.hotel.reception.repository.RoomRepository; If you want this repository to be a Redis repository, consider annotating your entities with one of these annotations: org.springframework.data.redis.core.RedisHash (preferred), or consider extending one of the following types with your repository: org.springframework.data.keyvalue.repository.KeyValueRepository
2026-01-01T20:34:10.796+05:30  INFO 11064 --- [hotel-reception-backend] [restartedMain] .s.d.r.c.RepositoryConfigurationDelegate : Finished Spring Data repository scanning in 28 ms. Found 0 Redis repository interfaces.
2026-01-01T20:34:12.872+05:30  INFO 11064 --- [hotel-reception-backend] [restartedMain] o.s.b.w.embedded.tomcat.TomcatWebServer  : Tomcat initialized with port 8080 (http)
2026-01-01T20:34:12.898+05:30  INFO 11064 --- [hotel-reception-backend] [restartedMain] o.apache.catalina.core.StandardService   : Starting service [Tomcat]
2026-01-01T20:34:12.900+05:30  INFO 11064 --- [hotel-reception-backend] [restartedMain] o.apache.catalina.core.StandardEngine    : Starting Servlet engine: [Apache Tomcat/10.1.16]
2026-01-01T20:34:13.080+05:30  INFO 11064 --- [hotel-reception-backend] [restartedMain] o.a.c.c.C.[Tomcat].[localhost].[/api]    : Initializing Spring embedded WebApplicationContext
2026-01-01T20:34:13.081+05:30  INFO 11064 --- [hotel-reception-backend] [restartedMain] w.s.c.ServletWebServerApplicationContext : Root WebApplicationContext: initialization completed in 7491 ms
2026-01-01T20:34:13.622+05:30  INFO 11064 --- [hotel-reception-backend] [restartedMain] o.hibernate.jpa.internal.util.LogHelper  : HHH000204: Processing PersistenceUnitInfo [name: default]
2026-01-01T20:34:13.805+05:30  INFO 11064 --- [hotel-reception-backend] [restartedMain] org.hibernate.Version                    : HHH000412: Hibernate ORM core version 6.3.1.Final
2026-01-01T20:34:13.901+05:30  INFO 11064 --- [hotel-reception-backend] [restartedMain] o.h.c.internal.RegionFactoryInitiator    : HHH000026: Second-level cache disabled
2026-01-01T20:34:14.541+05:30  INFO 11064 --- [hotel-reception-backend] [restartedMain] o.s.o.j.p.SpringPersistenceUnitInfo      : No LoadTimeWeaver setup: ignoring JPA class transformer
2026-01-01T20:34:14.616+05:30  INFO 11064 --- [hotel-reception-backend] [restartedMain] com.zaxxer.hikari.HikariDataSource       : HikariPool-1 - Starting...
2026-01-01T20:34:15.428+05:30  INFO 11064 --- [hotel-reception-backend] [restartedMain] com.zaxxer.hikari.pool.HikariPool        : HikariPool-1 - Added connection org.postgresql.jdbc.PgConnection@40deb2e2
2026-01-01T20:34:15.432+05:30  INFO 11064 --- [hotel-reception-backend] [restartedMain] com.zaxxer.hikari.HikariDataSource       : HikariPool-1 - Start completed.
2026-01-01T20:34:21.583+05:30  INFO 11064 --- [hotel-reception-backend] [restartedMain] o.h.e.t.j.p.i.JtaPlatformInitiator       : HHH000489: No JTA platform available (set 'hibernate.transaction.jta.platform' to enable JTA platform integration)
2026-01-01T20:34:22.471+05:30  INFO 11064 --- [hotel-reception-backend] [restartedMain] j.LocalContainerEntityManagerFactoryBean : Initialized JPA EntityManagerFactory for persistence unit 'default'
2026-01-01T20:34:24.132+05:30  INFO 11064 --- [hotel-reception-backend] [restartedMain] o.s.d.j.r.query.QueryEnhancerFactory     : Hibernate is in classpath; If applicable, HQL parser will be used.
